<html>
<body>
<pre>
<h1>礦ision Build Log</h1>
<h2>Tool Versions:</h2>
IDE-Version: μVision V5.39.0.0
Copyright (C) 2023 ARM Ltd and ARM Germany GmbH. All rights reserved.
License Information: Origami Shido, Wuhan University, LIC=32B1Q-N62ND-638MB-2I360-ZTP5S-8J3Y9
 
Tool Versions:
Toolchain:       MDK-ARM Plus  Version: 5.39.0.0
Toolchain Path:  C:\Keil_v5\ARM\ARMCLANG\Bin
C Compiler:      ArmClang.exe V6.21
Assembler:       Armasm.exe V6.21
Linker/Locator:  ArmLink.exe V6.21
Library Manager: ArmAr.exe V6.21
Hex Converter:   FromElf.exe V6.21
CPU DLL:         SARMCM3.DLL V5.39.0.0
Dialog DLL:      DARMCM1.DLL V1.19.6.0
Target DLL:      CMSIS_AGDI.dll V1.33.16.0
Dialog DLL:      TARMCM1.DLL V1.14.6.0
 
<h2>Project:</h2>
c:\Users\Admin\Desktop\WHU study\experiment\TI\CLOCK\keil\CLOCK.uvprojx
Project File Date:  02/01/2024

<h2>Output:</h2>
*** Using Compiler 'V6.21', folder: 'C:\Keil_v5\ARM\ARMCLANG\Bin'
Rebuild target 'CLOCK'
Before Build - User command #1: cmd.exe /C "c:\Users\Admin\Desktop\WHU study\experiment\TI\CLOCK\keil\../syscfg.bat 'c:\Users\Admin\Desktop\WHU study\experiment\TI\CLOCK\keil\' empty.syscfg"
'c:\Users\Admin\Desktop\WHU' 不是内部或外部命令，也不是可运行的程序
或批处理文件。
compiling dl_adc12.c...
compiling dl_aes.c...
compiling dl_dac12.c...
assembling startup_mspm0l1306_uvision.s...
compiling dl_common.c...
compiling dl_crc.c...
compiling dl_dma.c...
compiling oled.c...
compiling eeprom_emulation_type_a.c...
compiling ti_msp_dl_config.c...
compiling dl_mathacl.c...
compiling dl_i2c.c...
compiling dl_mcan.c...
compiling dl_opa.c...
compiling dl_rtc.c...
compiling dl_flashctl.c...
compiling empty.c...
compiling dl_trng.c...
compiling dl_spi.c...
compiling dl_timer.c...
compiling dl_vref.c...
compiling dl_uart.c...
linking...
Program Size: Code=26448 RO-data=2712 RW-data=28 ZI-data=1788  
FromELF: creating hex file...
".\Objects\empty_driverlib_src_LP_MSPM0L1306_nortos_keil.axf" - 0 Error(s), 0 Warning(s).

<h2>Software Packages used:</h2>

Package Vendor: TexasInstruments
                http://software-dl.ti.com/msp430/esd/MSPM0-CMSIS/MSPM0L11XX_L13XX/latest/exports/TexasInstruments.MSPM0L11XX_L13XX_DFP.1.2.1.pack
                TexasInstruments::MSPM0L11XX_L13XX_DFP@1.2.1
                Device Family Pack for Texas Instruments MSPM0L11XX_L13XX Series

<h2>Collection of Component include folders:</h2>

<h2>Collection of Component Files used:</h2>
Build Time Elapsed:  00:00:03
</pre>
</body>
</html>
